// Jest Snapshot v1, https://goo.gl/fbAQLP

exports[`AsyncLoadErrors Component renders and matches snapshot if page is reloaded 1`] = `
<div
  className="invalid-page"
>
  <div
    className="ox-colored-stripe"
  >
    <div
      className="orange"
    />
    <div
      className="blue"
    />
    <div
      className="red"
    />
    <div
      className="yellow"
    />
    <div
      className="teal"
    />
  </div>
  <h1>
    Uh-oh, the page failed to load
  </h1>
  <p>
    Error: SOMETHING FAILED!
  </p>
  <button
    className="btn btn-primary"
    disabled={false}
    onClick={[MockFunction]}
    type="button"
  >
    Retry
  </button>
</div>
`;
