// Jest Snapshot v1, https://goo.gl/fbAQLP

exports[`Task Plan Builder: Preview button matches snapshot 1`] = `null`;
