// Jest Snapshot v1, https://goo.gl/fbAQLP

exports[`Student Scores Assignment Cell renders as absent for null type 1`] = `
<div
  className="scores-cell"
>
  <div
    className="scores-cell"
  >
    <div
      className="score not-started"
    >
      ---
    </div>
    <div
      className="worked not-started"
    >
      ---
    </div>
  </div>
</div>
`;
