// Jest Snapshot v1, https://goo.gl/fbAQLP

exports[`Student Scores Name Cell renders without link for dropped students 1`] = `
<div
  className="openstax-debug-content"
>
  <div
    data-purpose="tour-conductor-wrapper"
  >
    <div>
      <div
        className="name-cell-wrapper is-dropped"
      >
        <div
          className="name-cell"
        >
          <div
            className="student-name"
          >
            <span
              className="-name"
            >
              Rabbit Angstrom
            </span>
             *
          </div>
          <span
            className="student-id"
          >
            O7I5E8YQBR
          </span>
        </div>
        <div
          className="name-cell"
        />
      </div>
    </div>
    <div
      className="visible-when-debugging"
    >
      <div
        className="tour-spy-info"
      >
        available regions: []; region tour ids: []; audience tags: [teacher,teacher-not-previewed]; tour tags: []; eligible tours: []; TOUR RIDE: &lt;none&gt;
      </div>
    </div>
  </div>
  <a
    aria-hidden="true"
    className="debug-toggle-link"
    href="#spy"
    onClick={[Function]}
    tabIndex={-1}
  >
    Ï€
  </a>
</div>
`;
