// Jest Snapshot v1, https://goo.gl/fbAQLP

exports[`Scores Report: set weights modal renders and matches snapshot 1`] = `"<div role=\\"dialog\\" tabindex=\\"-1\\" class=\\"fade set-weights in modal\\" style=\\"display: block; padding-right: 0px;\\"><div class=\\"modal-dialog\\"><div class=\\"modal-content\\" role=\\"document\\"><div class=\\"modal-header\\"><!-- react-text: 7 -->Set course average weights<!-- /react-text --></div><div class=\\"page-loading loadable is-loading modal-body\\"><div>We recommend using homework scores and reading progress.</div><a class=\\"set-weights--external-link\\" target=\\"_blank\\" tabindex=\\"0\\"><!-- react-text: 11 -->See why <!-- /react-text --><i type=\\"external-link\\" role=\\"presentation\\" class=\\"tutor-icon fa fa-external-link\\"></i></a><label class=\\"weight\\"><div>Homework scores</div><div><input type=\\"number\\" name=\\"homework_scores\\" value=\\"80\\"><!-- react-text: 17 -->%<!-- /react-text --></div></label><label class=\\"weight\\"><div>Homework progress</div><div><input type=\\"number\\" name=\\"homework_progress\\" value=\\"15\\"><!-- react-text: 22 -->%<!-- /react-text --></div></label><label class=\\"weight\\"><div>Reading scores</div><div><input type=\\"number\\" name=\\"reading_scores\\" value=\\"5\\"><!-- react-text: 27 -->%<!-- /react-text --></div></label><label class=\\"weight\\"><div>Reading progress</div><div><input type=\\"number\\" name=\\"reading_progress\\" value=\\"0\\"><!-- react-text: 32 -->%<!-- /react-text --></div></label><p class=\\"valid-msg\\"><i type=\\"info-circle\\" role=\\"presentation\\" class=\\"tutor-icon fa fa-info-circle\\"></i><!-- react-text: 35 --> Weights must total 100%<!-- /react-text --></p></div><div class=\\"modal-footer\\"><button type=\\"button\\" class=\\"btn btn-default\\">Save</button><button type=\\"button\\" class=\\"btn btn-default\\">Restore default</button><button type=\\"button\\" class=\\"btn btn-default\\">Cancel</button></div></div></div></div>"`;
