// Jest Snapshot v1, https://goo.gl/fbAQLP

exports[`SmartOverflow Component renders with className 1`] = `
<div
  className="openstax-smart-overflow testing"
>
  <span>
    i am a test
  </span>
</div>
`;
