// Jest Snapshot v1, https://goo.gl/fbAQLP

exports[`Student Navbar Component has actions menu that matches snapshot 1`] = `
.c0 {
  margin-right: 0.5rem;
  margin-left: 0.5rem;
}

<div
  className="actions-menu dropdown"
  onKeyDown={[Function]}
>
  <button
    aria-expanded={false}
    aria-haspopup={true}
    aria-label="Menu and settings"
    className="dropdown-toggle btn btn-ox"
    disabled={false}
    id="actions-menu"
    onClick={[Function]}
    type="button"
  >
    <svg
      aria-hidden="true"
      className="svg-inline--fa fa-bars fa-w-14 ox-icon ox-icon-bars c0"
      data-icon="bars"
      data-prefix="fas"
      focusable="false"
      role="img"
      style={Object {}}
      viewBox="0 0 448 512"
      xmlns="http://www.w3.org/2000/svg"
    >
      <path
        d="M16 132h416c8.837 0 16-7.163 16-16V76c0-8.837-7.163-16-16-16H16C7.163 60 0 67.163 0 76v40c0 8.837 7.163 16 16 16zm0 160h416c8.837 0 16-7.163 16-16v-40c0-8.837-7.163-16-16-16H16c-8.837 0-16 7.163-16 16v40c0 8.837 7.163 16 16 16zm0 160h416c8.837 0 16-7.163 16-16v-40c0-8.837-7.163-16-16-16H16c-8.837 0-16 7.163-16 16v40c0 8.837 7.163 16 16 16z"
        fill="currentColor"
        style={Object {}}
      />
    </svg>
    <span
      className="control-label"
      title="Menu and settings"
    >
      Menu
    </span>
    <svg
      aria-hidden="true"
      className="svg-inline--fa fa-angle-down fa-w-10 ox-icon ox-icon-angle-down toggle c0"
      data-icon="angle-down"
      data-prefix="fas"
      focusable="false"
      role="img"
      style={Object {}}
      viewBox="0 0 320 512"
      xmlns="http://www.w3.org/2000/svg"
    >
      <path
        d="M143 352.3L7 216.3c-9.4-9.4-9.4-24.6 0-33.9l22.6-22.6c9.4-9.4 24.6-9.4 33.9 0l96.4 96.4 96.4-96.4c9.4-9.4 24.6-9.4 33.9 0l22.6 22.6c9.4 9.4 9.4 24.6 0 33.9l-136 136c-9.2 9.4-24.4 9.4-33.8 0z"
        fill="currentColor"
        style={Object {}}
      />
    </svg>
  </button>
</div>
`;

exports[`Teacher Navbar Component has actions menu that matches snapshot 1`] = `
.c0 {
  margin-right: 0.5rem;
  margin-left: 0.5rem;
}

<div
  className="actions-menu dropdown"
  onKeyDown={[Function]}
>
  <button
    aria-expanded={false}
    aria-haspopup={true}
    aria-label="Menu and settings"
    className="dropdown-toggle btn btn-ox"
    disabled={false}
    id="actions-menu"
    onClick={[Function]}
    type="button"
  >
    <svg
      aria-hidden="true"
      className="svg-inline--fa fa-bars fa-w-14 ox-icon ox-icon-bars c0"
      data-icon="bars"
      data-prefix="fas"
      focusable="false"
      role="img"
      style={Object {}}
      viewBox="0 0 448 512"
      xmlns="http://www.w3.org/2000/svg"
    >
      <path
        d="M16 132h416c8.837 0 16-7.163 16-16V76c0-8.837-7.163-16-16-16H16C7.163 60 0 67.163 0 76v40c0 8.837 7.163 16 16 16zm0 160h416c8.837 0 16-7.163 16-16v-40c0-8.837-7.163-16-16-16H16c-8.837 0-16 7.163-16 16v40c0 8.837 7.163 16 16 16zm0 160h416c8.837 0 16-7.163 16-16v-40c0-8.837-7.163-16-16-16H16c-8.837 0-16 7.163-16 16v40c0 8.837 7.163 16 16 16z"
        fill="currentColor"
        style={Object {}}
      />
    </svg>
    <span
      className="control-label"
      title="Menu and settings"
    >
      Menu
    </span>
    <svg
      aria-hidden="true"
      className="svg-inline--fa fa-angle-down fa-w-10 ox-icon ox-icon-angle-down toggle c0"
      data-icon="angle-down"
      data-prefix="fas"
      focusable="false"
      role="img"
      style={Object {}}
      viewBox="0 0 320 512"
      xmlns="http://www.w3.org/2000/svg"
    >
      <path
        d="M143 352.3L7 216.3c-9.4-9.4-9.4-24.6 0-33.9l22.6-22.6c9.4-9.4 24.6-9.4 33.9 0l96.4 96.4 96.4-96.4c9.4-9.4 24.6-9.4 33.9 0l22.6 22.6c9.4 9.4 9.4 24.6 0 33.9l-136 136c-9.2 9.4-24.4 9.4-33.8 0z"
        fill="currentColor"
        style={Object {}}
      />
    </svg>
  </button>
</div>
`;
