// Jest Snapshot v1, https://goo.gl/fbAQLP

exports[`Background job toasts lms renders failure 1`] = `null`;

exports[`Background job toasts lms renders failure modal 1`] = `null`;

exports[`Background job toasts lms renders no scores failure modal 1`] = `null`;

exports[`Background job toasts lms renders success 1`] = `null`;

exports[`Background job toasts renders empty and matches snapshot 1`] = `null`;

exports[`Background job toasts scores renders failure 1`] = `null`;

exports[`Background job toasts scores renders failure modal 1`] = `null`;

exports[`Background job toasts scores renders success 1`] = `null`;
