// Jest Snapshot v1, https://goo.gl/fbAQLP

exports[`Preview Add Course Button renders and matches snapshot 1`] = `
<div
  className="openstax-debug-content"
>
  <div
    data-purpose="tour-conductor-wrapper"
  >
    <div />
    <div
      className="visible-when-debugging"
    >
      <div
        className="tour-spy-info"
      >
        available regions: []; region tour ids: []; audience tags: []; tour tags: []; eligible tours: []; TOUR RIDE: &lt;none&gt;
      </div>
    </div>
  </div>
  <a
    aria-hidden="true"
    className="debug-toggle-link"
    href="#spy"
    onClick={[Function]}
    tabIndex={-1}
  >
    Ï€
  </a>
</div>
`;
