// Jest Snapshot v1, https://goo.gl/fbAQLP

exports[`Task Step Footer matches snapshot 1`] = `
"<StepFooter course={{...}} step={{...}}>
  <StyledExerciseFooter>
    <StyledComponent forwardedComponent={{...}} forwardedRef={{...}}>
      <div className=\\"StyledExerciseFooter-sc-7wyi4k-0 jLaQDQ\\">
        <StyledExerciseIdentifierLink exerciseId=\\"1@1\\" bookUUID=\\"185cbf87-c72e-48f5-b51e-f14f21b5eabd\\" related_content={{...}}>
          <StyledComponent exerciseId=\\"1@1\\" bookUUID=\\"185cbf87-c72e-48f5-b51e-f14f21b5eabd\\" related_content={{...}} forwardedComponent={{...}} forwardedRef={{...}}>
            <ExerciseIdentifierLink exerciseId=\\"1@1\\" bookUUID=\\"185cbf87-c72e-48f5-b51e-f14f21b5eabd\\" related_content={{...}} className=\\"StyledExerciseIdentifierLink-sc-7wyi4k-1 jcMshY\\">
              <div className=\\"exercise-identifier-link StyledExerciseIdentifierLink-sc-7wyi4k-1 jcMshY\\">
                ID# 
                1@1
                 | 
                <a target=\\"_blank\\" tabIndex={-1} href=\\"https://openstax.org/errata/form?source=tutor&location=1%401%201.2%20Angiosperms&book=Biology%202e\\">
                  Suggest a correction
                </a>
              </div>
            </ExerciseIdentifierLink>
          </StyledComponent>
        </StyledExerciseIdentifierLink>
        <RelatedContentLink course={{...}} content={{...}} preamble=\\"Comes from\\">
          <StyledRelatedContentLink className=\\"related-content-link\\">
            <StyledComponent className=\\"related-content-link\\" forwardedComponent={{...}} forwardedRef={{...}}>
              <div className=\\"related-content-link StyledRelatedContentLink-g6utdm-0 fjvkMq\\">
                <Preamble>
                  <StyledComponent forwardedComponent={{...}} forwardedRef={{...}}>
                    <span className=\\"Preamble-g6utdm-2 preamble iQkOQQ\\">
                      Comes from
                    </span>
                  </StyledComponent>
                </Preamble>
                <BrowseTheBook unstyled={true} chapterSection={{...}} course={{...}} tabIndex={-1} tag=\\"a\\" windowImpl={{...}}>
                  <a aria-label=\\"Browse course reference book\\" onClick={[Function: res]} tabIndex={-1} href=\\"/book/1/section/1.2\\" target=\\"_blank\\" className=\\"browse-the-book\\">
                    <ChapterSection chapterSection={{...}}>
                      <span className=\\"chapter-section\\" data-chapter-section=\\"1.2\\">
                        1.2
                      </span>
                    </ChapterSection>
                    <Title>
                      <StyledComponent forwardedComponent={{...}} forwardedRef={{...}}>
                        <span className=\\"Title-g6utdm-1 title ldKDQH\\">
                          Angiosperms
                        </span>
                      </StyledComponent>
                    </Title>
                  </a>
                </BrowseTheBook>
              </div>
            </StyledComponent>
          </StyledRelatedContentLink>
        </RelatedContentLink>
      </div>
    </StyledComponent>
  </StyledExerciseFooter>
</StepFooter>"
`;
