// Jest Snapshot v1, https://goo.gl/fbAQLP

exports[`Main Navbar renders and matches snapshot 1`] = `null`;
