// Jest Snapshot v1, https://goo.gl/fbAQLP

exports[`Questions Dashboard Component matches snapshot 1`] = `
.c3 {
  margin-right: 0.5rem;
  margin-left: 0.5rem;
}

.c4 {
  display: -webkit-box;
  display: -webkit-flex;
  display: -ms-flexbox;
  display: flex;
  height: 2.5rem;
  -webkit-align-items: center;
  -webkit-box-align: center;
  -ms-flex-align: center;
  align-items: center;
  margin-left: 0.5rem;
  cursor: pointer;
  font-size: 1.5rem;
  border-bottom: 1px solid #f1f1f1;
}

.c4 > * {
  margin-left: 1rem;
}

.c4 input {
  font-size: 1.7rem;
  margin-left: 1.2rem;
}

.c2 {
  display: -webkit-box;
  display: -webkit-flex;
  display: -ms-flexbox;
  display: flex;
  height: 3.5rem;
  -webkit-align-items: center;
  -webkit-box-align: center;
  -ms-flex-align: center;
  align-items: center;
  cursor: pointer;
  font-size: 1.7rem;
  border-bottom: 1px solid #f1f1f1;
}

.c2 > * {
  margin-left: 1rem;
}

.c2 .chapter-title {
  -webkit-flex: 1;
  -ms-flex: 1;
  flex: 1;
}

.c1 .browse-the-book {
  font-size: 1.4rem;
  margin-right: 2rem;
}

.c0 {
  border: 1px solid #f1f1f1;
  border-radius: 4px;
}

<div
  className="openstax-debug-content"
>
  <div
    data-purpose="tour-conductor-wrapper"
  >
    <div>
      <div
        className="questions-dashboard"
      >
        <div
          className="sections-chooser panel"
        >
          <div
            className="header"
          >
            <div
              className="wrapper"
            >
              <h2>
                Question Library
              </h2>
              <a
                className="btn btn-default"
                href="/course/1"
                onClick={[Function]}
              >
                Back to Dashboard
              </a>
            </div>
          </div>
          <div
            className="sections-list"
            data-tour-region-id="question-library-sections-chooser"
          >
            <div
              className="c0"
            >
              <div
                className="chapter c1"
                data-is-expanded={true}
              >
                <div
                  className="c2"
                  data-chapter-section={1}
                  onClick={[Function]}
                  role="button"
                >
                  <span
                    className="chapter-checkbox"
                  >
                    <span
                      className="tri-state-checkbox unchecked"
                      onClick={[Function]}
                      tabIndex={1}
                    >
                      <button
                        className="ox-icon-square btn btn-plain"
                        disabled={false}
                        onClick={[Function]}
                        type="button"
                      >
                        <svg
                          aria-hidden="true"
                          className="svg-inline--fa fa-square fa-w-14 ox-icon ox-icon-square c3"
                          color="#929292"
                          data-icon="square"
                          data-prefix="far"
                          focusable="false"
                          role="img"
                          style={
                            Object {
                              "cursor": "pointer",
                            }
                          }
                          viewBox="0 0 448 512"
                          xmlns="http://www.w3.org/2000/svg"
                        >
                          <path
                            d="M400 32H48C21.5 32 0 53.5 0 80v352c0 26.5 21.5 48 48 48h352c26.5 0 48-21.5 48-48V80c0-26.5-21.5-48-48-48zm-6 400H54c-3.3 0-6-2.7-6-6V86c0-3.3 2.7-6 6-6h340c3.3 0 6 2.7 6 6v340c0 3.3-2.7 6-6 6z"
                            fill="currentColor"
                            style={Object {}}
                          />
                        </svg>
                      </button>
                    </span>
                  </span>
                  <span
                    className="chapter-number"
                  >
                    Chapter 
                    <span
                      className="chapter-section"
                      data-chapter-section="1.0"
                    >
                      1
                    </span>
                     - 
                  </span>
                  <span
                    className="chapter-title"
                  >
                     
                    Kinematics
                     
                  </span>
                </div>
                <div
                  aria-expanded={null}
                  className="sections collapse show"
                >
                  <div
                    className="section c4"
                    data-section-id="234"
                    onClick={[Function]}
                  >
                    <span
                      className="section-checkbox"
                    >
                      <input
                        checked={false}
                        readOnly={true}
                        type="checkbox"
                      />
                    </span>
                    <span
                      className="chapter-section"
                      data-chapter-section="1.1"
                    >
                      1.1
                    </span>
                    <span
                      className="section-title"
                    >
                       
                      Kinematics in 1 dim
                    </span>
                  </div>
                  <div
                    className="section c4"
                    data-section-id="235"
                    onClick={[Function]}
                  >
                    <span
                      className="section-checkbox"
                    >
                      <input
                        checked={false}
                        readOnly={true}
                        type="checkbox"
                      />
                    </span>
                    <span
                      className="chapter-section"
                      data-chapter-section="1.2"
                    >
                      1.2
                    </span>
                    <span
                      className="section-title"
                    >
                       
                      Kinematics in 2 dim
                    </span>
                  </div>
                  <div
                    className="section c4"
                    data-section-id="236"
                    onClick={[Function]}
                  >
                    <span
                      className="section-checkbox"
                    >
                      <input
                        checked={false}
                        readOnly={true}
                        type="checkbox"
                      />
                    </span>
                    <span
                      className="chapter-section"
                      data-chapter-section="1.3"
                    >
                      1.3
                    </span>
                    <span
                      className="section-title"
                    >
                       
                      Kinematics in 3 dim
                    </span>
                  </div>
                </div>
              </div>
              <div
                className="chapter c1"
                data-is-expanded={false}
              >
                <div
                  className="c2"
                  data-chapter-section={2}
                  onClick={[Function]}
                  role="button"
                >
                  <span
                    className="chapter-checkbox"
                  >
                    <span
                      className="tri-state-checkbox unchecked"
                      onClick={[Function]}
                      tabIndex={1}
                    >
                      <button
                        className="ox-icon-square btn btn-plain"
                        disabled={false}
                        onClick={[Function]}
                        type="button"
                      >
                        <svg
                          aria-hidden="true"
                          className="svg-inline--fa fa-square fa-w-14 ox-icon ox-icon-square c3"
                          color="#929292"
                          data-icon="square"
                          data-prefix="far"
                          focusable="false"
                          role="img"
                          style={
                            Object {
                              "cursor": "pointer",
                            }
                          }
                          viewBox="0 0 448 512"
                          xmlns="http://www.w3.org/2000/svg"
                        >
                          <path
                            d="M400 32H48C21.5 32 0 53.5 0 80v352c0 26.5 21.5 48 48 48h352c26.5 0 48-21.5 48-48V80c0-26.5-21.5-48-48-48zm-6 400H54c-3.3 0-6-2.7-6-6V86c0-3.3 2.7-6 6-6h340c3.3 0 6 2.7 6 6v340c0 3.3-2.7 6-6 6z"
                            fill="currentColor"
                            style={Object {}}
                          />
                        </svg>
                      </button>
                    </span>
                  </span>
                  <span
                    className="chapter-number"
                  >
                    Chapter 
                    <span
                      className="chapter-section"
                      data-chapter-section="2.0"
                    >
                      2
                    </span>
                     - 
                  </span>
                  <span
                    className="chapter-title"
                  >
                     
                    Mechanics
                     
                  </span>
                </div>
                <div
                  aria-expanded={null}
                  className="sections collapse"
                >
                  <div
                    className="section c4"
                    data-section-id="237"
                    onClick={[Function]}
                  >
                    <span
                      className="section-checkbox"
                    >
                      <input
                        checked={false}
                        readOnly={true}
                        type="checkbox"
                      />
                    </span>
                    <span
                      className="chapter-section"
                      data-chapter-section="2.1"
                    >
                      2.1
                    </span>
                    <span
                      className="section-title"
                    >
                       
                      Mechanics in 1 dim
                    </span>
                  </div>
                  <div
                    className="section c4"
                    data-section-id="238"
                    onClick={[Function]}
                  >
                    <span
                      className="section-checkbox"
                    >
                      <input
                        checked={false}
                        readOnly={true}
                        type="checkbox"
                      />
                    </span>
                    <span
                      className="chapter-section"
                      data-chapter-section="2.2"
                    >
                      2.2
                    </span>
                    <span
                      className="section-title"
                    >
                       
                      Mechanics in 2 dim
                    </span>
                  </div>
                  <div
                    className="section c4"
                    data-section-id="239"
                    onClick={[Function]}
                  >
                    <span
                      className="section-checkbox"
                    >
                      <input
                        checked={false}
                        readOnly={true}
                        type="checkbox"
                      />
                    </span>
                    <span
                      className="chapter-section"
                      data-chapter-section="2.3"
                    >
                      2.3
                    </span>
                    <span
                      className="section-title"
                    >
                       
                      Mechanics in 3 dim
                    </span>
                  </div>
                </div>
              </div>
              <div
                className="chapter c1"
                data-is-expanded={false}
              >
                <div
                  className="c2"
                  data-chapter-section={3}
                  onClick={[Function]}
                  role="button"
                >
                  <span
                    className="chapter-checkbox"
                  >
                    <span
                      className="tri-state-checkbox unchecked"
                      onClick={[Function]}
                      tabIndex={1}
                    >
                      <button
                        className="ox-icon-square btn btn-plain"
                        disabled={false}
                        onClick={[Function]}
                        type="button"
                      >
                        <svg
                          aria-hidden="true"
                          className="svg-inline--fa fa-square fa-w-14 ox-icon ox-icon-square c3"
                          color="#929292"
                          data-icon="square"
                          data-prefix="far"
                          focusable="false"
                          role="img"
                          style={
                            Object {
                              "cursor": "pointer",
                            }
                          }
                          viewBox="0 0 448 512"
                          xmlns="http://www.w3.org/2000/svg"
                        >
                          <path
                            d="M400 32H48C21.5 32 0 53.5 0 80v352c0 26.5 21.5 48 48 48h352c26.5 0 48-21.5 48-48V80c0-26.5-21.5-48-48-48zm-6 400H54c-3.3 0-6-2.7-6-6V86c0-3.3 2.7-6 6-6h340c3.3 0 6 2.7 6 6v340c0 3.3-2.7 6-6 6z"
                            fill="currentColor"
                            style={Object {}}
                          />
                        </svg>
                      </button>
                    </span>
                  </span>
                  <span
                    className="chapter-number"
                  >
                    Chapter 
                    <span
                      className="chapter-section"
                      data-chapter-section="3.0"
                    >
                      3
                    </span>
                     - 
                  </span>
                  <span
                    className="chapter-title"
                  >
                     
                    Thermodynamics
                     
                  </span>
                </div>
                <div
                  aria-expanded={null}
                  className="sections collapse"
                >
                  <div
                    className="section c4"
                    data-section-id="240"
                    onClick={[Function]}
                  >
                    <span
                      className="section-checkbox"
                    >
                      <input
                        checked={false}
                        readOnly={true}
                        type="checkbox"
                      />
                    </span>
                    <span
                      className="chapter-section"
                      data-chapter-section="3.1"
                    >
                      3.1
                    </span>
                    <span
                      className="section-title"
                    >
                       
                      Thermodynamics in 1 dim
                    </span>
                  </div>
                  <div
                    className="section c4"
                    data-section-id="241"
                    onClick={[Function]}
                  >
                    <span
                      className="section-checkbox"
                    >
                      <input
                        checked={false}
                        readOnly={true}
                        type="checkbox"
                      />
                    </span>
                    <span
                      className="chapter-section"
                      data-chapter-section="3.2"
                    >
                      3.2
                    </span>
                    <span
                      className="section-title"
                    >
                       
                      Thermodynamics in 2 dim
                    </span>
                  </div>
                  <div
                    className="section c4"
                    data-section-id="242"
                    onClick={[Function]}
                  >
                    <span
                      className="section-checkbox"
                    >
                      <input
                        checked={false}
                        readOnly={true}
                        type="checkbox"
                      />
                    </span>
                    <span
                      className="chapter-section"
                      data-chapter-section="3.2"
                    >
                      3.2
                    </span>
                    <span
                      className="section-title"
                    >
                       
                      Thermodynamics in 3 dim
                    </span>
                  </div>
                </div>
              </div>
            </div>
          </div>
          <div
            className="section-controls footer"
          >
            <div
              className="wrapper"
            >
              <button
                className="btn btn-primary"
                disabled={true}
                onClick={[Function]}
                type="button"
              >
                Show Questions
              </button>
              <button
                className="cancel btn btn-default"
                disabled={false}
                onClick={[Function]}
                type="button"
              >
                Cancel
              </button>
            </div>
          </div>
        </div>
      </div>
    </div>
    <div
      className="visible-when-debugging"
    >
      <div
        className="tour-spy-info"
      >
        available regions: []; region tour ids: []; audience tags: []; tour tags: []; eligible tours: []; TOUR RIDE: &lt;none&gt;
      </div>
    </div>
  </div>
  <a
    aria-hidden="true"
    className="debug-toggle-link"
    href="#spy"
    onClick={[Function]}
    tabIndex={-1}
  >
    π
  </a>
</div>
`;
