// Jest Snapshot v1, https://goo.gl/fbAQLP

exports[`Exercise Details Component renders and matches snapshot 1`] = `
.c0 {
  margin-right: 0.5rem;
  margin-left: 0.5rem;
}

<div
  className="exercise-details"
>
  <div
    className="controls"
  >
    <a
      className="show-cards"
      onClick={[Function]}
    >
      <svg
        aria-hidden="true"
        className="svg-inline--fa fa-th fa-w-16 fa-lg ox-icon ox-icon-th c0"
        data-icon="th"
        data-prefix="fas"
        focusable="false"
        role="img"
        style={Object {}}
        viewBox="0 0 512 512"
        xmlns="http://www.w3.org/2000/svg"
      >
        <path
          d="M149.333 56v80c0 13.255-10.745 24-24 24H24c-13.255 0-24-10.745-24-24V56c0-13.255 10.745-24 24-24h101.333c13.255 0 24 10.745 24 24zm181.334 240v-80c0-13.255-10.745-24-24-24H205.333c-13.255 0-24 10.745-24 24v80c0 13.255 10.745 24 24 24h101.333c13.256 0 24.001-10.745 24.001-24zm32-240v80c0 13.255 10.745 24 24 24H488c13.255 0 24-10.745 24-24V56c0-13.255-10.745-24-24-24H386.667c-13.255 0-24 10.745-24 24zm-32 80V56c0-13.255-10.745-24-24-24H205.333c-13.255 0-24 10.745-24 24v80c0 13.255 10.745 24 24 24h101.333c13.256 0 24.001-10.745 24.001-24zm-205.334 56H24c-13.255 0-24 10.745-24 24v80c0 13.255 10.745 24 24 24h101.333c13.255 0 24-10.745 24-24v-80c0-13.255-10.745-24-24-24zM0 376v80c0 13.255 10.745 24 24 24h101.333c13.255 0 24-10.745 24-24v-80c0-13.255-10.745-24-24-24H24c-13.255 0-24 10.745-24 24zm386.667-56H488c13.255 0 24-10.745 24-24v-80c0-13.255-10.745-24-24-24H386.667c-13.255 0-24 10.745-24 24v80c0 13.255 10.745 24 24 24zm0 160H488c13.255 0 24-10.745 24-24v-80c0-13.255-10.745-24-24-24H386.667c-13.255 0-24 10.745-24 24v80c0 13.255 10.745 24 24 24zM181.333 376v80c0 13.255 10.745 24 24 24h101.333c13.255 0 24-10.745 24-24v-80c0-13.255-10.745-24-24-24H205.333c-13.255 0-24 10.745-24 24z"
          fill="currentColor"
          style={Object {}}
        />
      </svg>
       Back to Card View
    </a>
  </div>
  <div
    className="tutor-paging-navigation"
  >
    <a
      aria-controls="paged-content"
      className="paging-control prev"
      disabled={false}
      href="#"
      onClick={[Function]}
      tabIndex={0}
      target="_blank"
      title="Go Back"
    >
      <div
        className="arrow-wrapper"
      >
        <svg
          className="icon arrow left"
          version="1.1"
          viewBox="0 0 370 735"
          x="0px"
          xmlns="http://www.w3.org/2000/svg"
          y="0px"
        >
          <path
            d="M369.225,658.604l0,76.396l-369.225,-369.225l0.3,-0.3l368.925,-365.475l0,77.168l-291.449,290.332l291.449,291.104Z"
          />
        </svg>
      </div>
    </a>
    <div
      aria-live="polite"
      className="paged-content"
      id="paged-content"
      role="region"
      tabIndex="0"
    >
      <div
        className="exercise-content"
      >
        <div
          className="openstax-exercise-preview exercise-card actions-on-side card"
          data-exercise-id="2@1"
          tabIndex={-1}
        >
          <div
            className="card-body"
          >
            <div
              className="exercise-body"
            >
              <div
                className="openstax-question openstax-question-preview"
              >
                <div
                  dangerouslySetInnerHTML={
                    Object {
                      "__html": "How could physics be useful in weather prediction?",
                    }
                  }
                />
                <div
                  className="answers-table"
                >
                  <div
                    className="openstax-answer"
                  >
                    <section
                      className="answers-answer disabled"
                      role="region"
                    >
                      <div
                        className="correct-incorrect"
                      />
                      <label
                        className="answer-label"
                        htmlFor="2-option-0"
                        onKeyPress={[Function]}
                      >
                        <button
                          aria-label="Choice a:"
                          className="answer-letter"
                          disabled={true}
                        >
                          a
                        </button>
                        <div
                          className="answer-answer"
                        >
                          <div
                            dangerouslySetInnerHTML={
                              Object {
                                "__html": "Physics helps in predicting dynamics and movement of weather phenomena.",
                              }
                            }
                          />
                        </div>
                      </label>
                    </section>
                  </div>
                  <div
                    className="openstax-answer"
                  >
                    <section
                      className="answers-answer disabled"
                      role="region"
                    >
                      <div
                        className="correct-incorrect"
                      />
                      <label
                        className="answer-label"
                        htmlFor="2-option-1"
                        onKeyPress={[Function]}
                      >
                        <button
                          aria-label="Choice b:"
                          className="answer-letter"
                          disabled={true}
                        >
                          b
                        </button>
                        <div
                          className="answer-answer"
                        >
                          <div
                            dangerouslySetInnerHTML={
                              Object {
                                "__html": "Physics helps in predicting how burning fossil fuel releases pollutants.",
                              }
                            }
                          />
                        </div>
                      </label>
                    </section>
                  </div>
                  <div
                    className="openstax-answer"
                  >
                    <section
                      className="answers-answer disabled"
                      role="region"
                    >
                      <div
                        className="correct-incorrect"
                      />
                      <label
                        className="answer-label"
                        htmlFor="2-option-2"
                        onKeyPress={[Function]}
                      >
                        <button
                          aria-label="Choice c:"
                          className="answer-letter"
                          disabled={true}
                        >
                          c
                        </button>
                        <div
                          className="answer-answer"
                        >
                          <div
                            dangerouslySetInnerHTML={
                              Object {
                                "__html": "Physics helps in predicting how the flowing water affects Earthâ€™s surface.",
                              }
                            }
                          />
                        </div>
                      </label>
                    </section>
                  </div>
                  <div
                    className="openstax-answer"
                  >
                    <section
                      className="answers-answer disabled"
                      role="region"
                    >
                      <div
                        className="correct-incorrect"
                      />
                      <label
                        className="answer-label"
                        htmlFor="2-option-3"
                        onKeyPress={[Function]}
                      >
                        <button
                          aria-label="Choice d:"
                          className="answer-letter"
                          disabled={true}
                        >
                          d
                        </button>
                        <div
                          className="answer-answer"
                        >
                          <div
                            dangerouslySetInnerHTML={
                              Object {
                                "__html": "Physics helps in predicting the motion of tectonic plates.",
                              }
                            }
                          />
                        </div>
                      </label>
                    </section>
                  </div>
                  <div
                    className="openstax-answer"
                  >
                    <section
                      className="answers-answer disabled"
                      role="region"
                    >
                      <div
                        className="correct-incorrect"
                      />
                      <label
                        className="answer-label"
                        htmlFor="2-option-4"
                        onKeyPress={[Function]}
                      >
                        <button
                          aria-label="Choice e:"
                          className="answer-letter"
                          disabled={true}
                        >
                          e
                        </button>
                        <div
                          className="answer-answer"
                        >
                          <div
                            dangerouslySetInnerHTML={
                              Object {
                                "__html": "Physics helps in predicting dynamics and movement of weather phenomena.",
                              }
                            }
                          />
                        </div>
                      </label>
                    </section>
                  </div>
                </div>
                <div
                  className="detailed-solution"
                >
                  <div
                    className="header"
                  >
                    Detailed solution
                  </div>
                  <div
                    dangerouslySetInnerHTML={
                      Object {
                        "__html": "four",
                      }
                    }
                  />
                </div>
              </div>
            </div>
            <div
              className="exercise-tags"
            >
              <span
                className="exercise-tag"
              >
                lo:stax-phys:1-2-1
              </span>
              <span
                className="exercise-tag"
              >
                blooms:3
              </span>
              <span
                className="exercise-tag"
              >
                dok:3
              </span>
              <span
                className="exercise-tag"
              >
                time:long
              </span>
              <span
                className="exercise-tag"
              >
                ID:2@1
              </span>
            </div>
          </div>
        </div>
      </div>
    </div>
    <a
      aria-controls="paged-content"
      className="paging-control next"
      disabled={false}
      href="#"
      onClick={[Function]}
      tabIndex={0}
      title="Go Forward"
    >
      <div
        className="arrow-wrapper"
      >
        <svg
          className="icon arrow right"
          version="1.1"
          viewBox="0 0 370 735"
          x="0px"
          xmlns="http://www.w3.org/2000/svg"
          y="0px"
        >
          <path
            d="M0,658.604l0,76.396l369.225,-369.225l-0.3,-0.3l-368.925,-365.475l0,77.168l291.449,290.332l-291.449,291.104Z"
          />
        </svg>
      </div>
    </a>
  </div>
</div>
`;
