// Jest Snapshot v1, https://goo.gl/fbAQLP

exports[`choose exercises component matches snapshot 1`] = `
.c0 {
  display: -webkit-box;
  display: -webkit-flex;
  display: -ms-flexbox;
  display: flex;
  width: 100%;
}

<div
  className="openstax-debug-content"
>
  <div
    data-purpose="tour-conductor-wrapper"
  >
    <div>
      <div
        className="homework-builder-view"
      >
        <div
          className="exercise-controls-bar"
        >
          <div
            className="controls"
          />
          <div
            className="indicators"
          >
            <div
              className="num total"
            >
              <h2>
                NaN
              </h2>
              <span>
                Total Problems
              </span>
            </div>
            <div
              className="num mine"
            >
              <h2>
                0
              </h2>
              <span>
                My Selections
              </span>
            </div>
            <div
              className="tour-anchor num tutor"
              data-tour-anchor-id="tutor-selections"
            >
              <div
                className="tutor-selections"
              >
                <span
                  className="circle-btn-placeholder"
                />
                <h2 />
                <span
                  className="circle-btn-placeholder"
                />
              </div>
              <span>
                OpenStax Tutor Selections
              </span>
              <button
                className="btn btn-link"
                disabled={false}
                id="homework-selections-trigger"
                onClick={[Function]}
                type="button"
              >
                What are these?
              </button>
            </div>
            <div
              className="tutor-added-later"
            >
              <span>
                Tutor selections are added later to support spaced practice and personalized learning.
              </span>
            </div>
          </div>
          <div
            className="actions"
          />
        </div>
        <table
          className="exercise-table"
          data-tour-region-id="add-homework-review-sections"
        >
          <thead>
            <tr>
              <td />
              <td />
              <td>
                Problem Question
              </td>
              <td>
                Learning Objective
              </td>
              <td>
                Details
              </td>
            </tr>
          </thead>
          <tbody>
            <tr
              data-ex-id={1}
            >
              <td
                className="exercise-number"
              >
                1
              </td>
              <td>
                <span
                  className="chapter-section"
                  data-chapter-section=".0"
                >
                  
                </span>
              </td>
              <td>
                <div
                  dangerouslySetInnerHTML={
                    Object {
                      "__html": "What conditions imply that we can use classical physics without considering special relativity or quantum mechanics?",
                    }
                  }
                />
              </td>
              <td
                className="ellipses"
              >
                lo:stax-phys:1-2-1
              </td>
              <td
                className="ellipses"
              >
                blooms:3 / dok:3
              </td>
            </tr>
            <tr
              data-ex-id={2}
            >
              <td
                className="exercise-number"
              >
                2
              </td>
              <td>
                <span
                  className="chapter-section"
                  data-chapter-section=".0"
                >
                  
                </span>
              </td>
              <td>
                <div
                  dangerouslySetInnerHTML={
                    Object {
                      "__html": "How could physics be useful in weather prediction?",
                    }
                  }
                />
              </td>
              <td
                className="ellipses"
              >
                lo:stax-phys:1-2-1
              </td>
              <td
                className="ellipses"
              >
                blooms:3 / dok:3
              </td>
            </tr>
            <tr
              data-ex-id={3}
            >
              <td
                className="exercise-number"
              >
                3
              </td>
              <td>
                <span
                  className="chapter-section"
                  data-chapter-section=".0"
                >
                  
                </span>
              </td>
              <td>
                <div
                  dangerouslySetInnerHTML={
                    Object {
                      "__html": "In what sense does Einsteinâ€™s theory of relativity illustrate that physics describes fundamental aspects of our universe?",
                    }
                  }
                />
              </td>
              <td
                className="ellipses"
              >
                lo:stax-phys:1-2-1
              </td>
              <td
                className="ellipses"
              >
                blooms:3 / dok:3
              </td>
            </tr>
          </tbody>
        </table>
        <div
          className="card-list exercises"
        >
          <div
            className="openstax exercise-wrapper"
          >
            <div
              className="openstax-exercise-preview exercise-card non-interactive is-vertically-truncated card"
              data-exercise-id="1@1"
              tabIndex={-1}
            >
              <div
                className="card-header"
              >
                <div
                  className="-exercise-header c0"
                >
                  <span
                    className="exercise-number"
                  >
                    1
                  </span>
                </div>
              </div>
              <div
                className="card-body"
              >
                <div
                  className="exercise-body"
                >
                  <div
                    className="openstax-question openstax-question-preview"
                  >
                    <div
                      dangerouslySetInnerHTML={
                        Object {
                          "__html": "What conditions imply that we can use classical physics without considering special relativity or quantum mechanics?",
                        }
                      }
                    />
                    <div
                      className="answers-table"
                    >
                      <div
                        className="openstax-answer"
                      >
                        <section
                          className="answers-answer disabled"
                          role="region"
                        >
                          <div
                            className="correct-incorrect"
                          />
                          <label
                            className="answer-label"
                            htmlFor="1-option-0"
                            onKeyPress={[Function]}
                          >
                            <button
                              aria-label="Choice a:"
                              className="answer-letter"
                              disabled={true}
                            >
                              a
                            </button>
                            <div
                              className="answer-answer"
                            >
                              <div
                                dangerouslySetInnerHTML={
                                  Object {
                                    "__html": "<ol>
  <li>matter is moving at speeds of less than roughly 1% the speed of light,</li>
  <li>objects are too small to be seen with the naked eye, and</li>
  <li>there is the involvement of only a weak gravitational field</li>
</ol>
",
                                  }
                                }
                              />
                            </div>
                          </label>
                        </section>
                      </div>
                      <div
                        className="openstax-answer"
                      >
                        <section
                          className="answers-answer disabled"
                          role="region"
                        >
                          <div
                            className="correct-incorrect"
                          />
                          <label
                            className="answer-label"
                            htmlFor="1-option-1"
                            onKeyPress={[Function]}
                          >
                            <button
                              aria-label="Choice b:"
                              className="answer-letter"
                              disabled={true}
                            >
                              b
                            </button>
                            <div
                              className="answer-answer"
                            >
                              <div
                                dangerouslySetInnerHTML={
                                  Object {
                                    "__html": "<ol>
  <li>matter is moving at speeds greater than roughly 1% the speed of light,</li>
  <li>objects are large enough to be seen with the naked eye, and</li>
  <li>there is the involvement of a strong gravitational field</li>
</ol>
",
                                  }
                                }
                              />
                            </div>
                          </label>
                        </section>
                      </div>
                      <div
                        className="openstax-answer"
                      >
                        <section
                          className="answers-answer disabled"
                          role="region"
                        >
                          <div
                            className="correct-incorrect"
                          />
                          <label
                            className="answer-label"
                            htmlFor="1-option-2"
                            onKeyPress={[Function]}
                          >
                            <button
                              aria-label="Choice c:"
                              className="answer-letter"
                              disabled={true}
                            >
                              c
                            </button>
                            <div
                              className="answer-answer"
                            >
                              <div
                                dangerouslySetInnerHTML={
                                  Object {
                                    "__html": "<ol>
  <li>matter is moving at speeds of less than roughly 1% the speed of light,</li>
  <li>objects are large enough to be seen with the naked eye, and</li>
  <li>there is the involvement of a strong gravitational field</li>
</ol>
",
                                  }
                                }
                              />
                            </div>
                          </label>
                        </section>
                      </div>
                      <div
                        className="openstax-answer"
                      >
                        <section
                          className="answers-answer disabled"
                          role="region"
                        >
                          <div
                            className="correct-incorrect"
                          />
                          <label
                            className="answer-label"
                            htmlFor="1-option-3"
                            onKeyPress={[Function]}
                          >
                            <button
                              aria-label="Choice d:"
                              className="answer-letter"
                              disabled={true}
                            >
                              d
                            </button>
                            <div
                              className="answer-answer"
                            >
                              <div
                                dangerouslySetInnerHTML={
                                  Object {
                                    "__html": "<ol>
  <li>matter is moving at speeds of less than roughly 1% the speed of light,</li>
  <li>objects are large enough to be seen with the naked eye, and</li>
  <li>there is the involvement of a weak gravitational field</li>
</ol>
",
                                  }
                                }
                              />
                            </div>
                          </label>
                        </section>
                      </div>
                      <div
                        className="openstax-answer"
                      >
                        <section
                          className="answers-answer disabled"
                          role="region"
                        >
                          <div
                            className="correct-incorrect"
                          />
                          <label
                            className="answer-label"
                            htmlFor="1-option-4"
                            onKeyPress={[Function]}
                          >
                            <button
                              aria-label="Choice e:"
                              className="answer-letter"
                              disabled={true}
                            >
                              e
                            </button>
                            <div
                              className="answer-answer"
                            >
                              <div
                                dangerouslySetInnerHTML={
                                  Object {
                                    "__html": "<ol>
  <li>matter is moving at speeds of less than roughly 1% the speed of light,</li>
  <li>objects are too small to be seen with the naked eye, and</li>
  <li>there is the involvement of only a weak gravitational field</li>
</ol>
",
                                  }
                                }
                              />
                            </div>
                          </label>
                        </section>
                      </div>
                    </div>
                    <div
                      className="detailed-solution"
                    >
                      <div
                        className="header"
                      >
                        Detailed solution
                      </div>
                      <div
                        dangerouslySetInnerHTML={
                          Object {
                            "__html": "four",
                          }
                        }
                      />
                    </div>
                  </div>
                </div>
                <div
                  className="exercise-tags"
                >
                  <span
                    className="exercise-tag"
                  >
                    lo:stax-phys:1-2-1
                  </span>
                  <span
                    className="exercise-tag"
                  >
                    blooms:3
                  </span>
                  <span
                    className="exercise-tag"
                  >
                    dok:3
                  </span>
                  <span
                    className="exercise-tag"
                  >
                    time:long
                  </span>
                  <span
                    className="exercise-tag"
                  >
                    ID:1@1
                  </span>
                </div>
              </div>
            </div>
          </div>
          <div
            className="openstax exercise-wrapper"
          >
            <div
              className="openstax-exercise-preview exercise-card non-interactive is-vertically-truncated card"
              data-exercise-id="2@1"
              tabIndex={-1}
            >
              <div
                className="card-header"
              >
                <div
                  className="-exercise-header c0"
                >
                  <span
                    className="exercise-number"
                  >
                    2
                  </span>
                </div>
              </div>
              <div
                className="card-body"
              >
                <div
                  className="exercise-body"
                >
                  <div
                    className="openstax-question openstax-question-preview"
                  >
                    <div
                      dangerouslySetInnerHTML={
                        Object {
                          "__html": "How could physics be useful in weather prediction?",
                        }
                      }
                    />
                    <div
                      className="answers-table"
                    >
                      <div
                        className="openstax-answer"
                      >
                        <section
                          className="answers-answer disabled"
                          role="region"
                        >
                          <div
                            className="correct-incorrect"
                          />
                          <label
                            className="answer-label"
                            htmlFor="2-option-0"
                            onKeyPress={[Function]}
                          >
                            <button
                              aria-label="Choice a:"
                              className="answer-letter"
                              disabled={true}
                            >
                              a
                            </button>
                            <div
                              className="answer-answer"
                            >
                              <div
                                dangerouslySetInnerHTML={
                                  Object {
                                    "__html": "Physics helps in predicting dynamics and movement of weather phenomena.",
                                  }
                                }
                              />
                            </div>
                          </label>
                        </section>
                      </div>
                      <div
                        className="openstax-answer"
                      >
                        <section
                          className="answers-answer disabled"
                          role="region"
                        >
                          <div
                            className="correct-incorrect"
                          />
                          <label
                            className="answer-label"
                            htmlFor="2-option-1"
                            onKeyPress={[Function]}
                          >
                            <button
                              aria-label="Choice b:"
                              className="answer-letter"
                              disabled={true}
                            >
                              b
                            </button>
                            <div
                              className="answer-answer"
                            >
                              <div
                                dangerouslySetInnerHTML={
                                  Object {
                                    "__html": "Physics helps in predicting how burning fossil fuel releases pollutants.",
                                  }
                                }
                              />
                            </div>
                          </label>
                        </section>
                      </div>
                      <div
                        className="openstax-answer"
                      >
                        <section
                          className="answers-answer disabled"
                          role="region"
                        >
                          <div
                            className="correct-incorrect"
                          />
                          <label
                            className="answer-label"
                            htmlFor="2-option-2"
                            onKeyPress={[Function]}
                          >
                            <button
                              aria-label="Choice c:"
                              className="answer-letter"
                              disabled={true}
                            >
                              c
                            </button>
                            <div
                              className="answer-answer"
                            >
                              <div
                                dangerouslySetInnerHTML={
                                  Object {
                                    "__html": "Physics helps in predicting how the flowing water affects Earthâ€™s surface.",
                                  }
                                }
                              />
                            </div>
                          </label>
                        </section>
                      </div>
                      <div
                        className="openstax-answer"
                      >
                        <section
                          className="answers-answer disabled"
                          role="region"
                        >
                          <div
                            className="correct-incorrect"
                          />
                          <label
                            className="answer-label"
                            htmlFor="2-option-3"
                            onKeyPress={[Function]}
                          >
                            <button
                              aria-label="Choice d:"
                              className="answer-letter"
                              disabled={true}
                            >
                              d
                            </button>
                            <div
                              className="answer-answer"
                            >
                              <div
                                dangerouslySetInnerHTML={
                                  Object {
                                    "__html": "Physics helps in predicting the motion of tectonic plates.",
                                  }
                                }
                              />
                            </div>
                          </label>
                        </section>
                      </div>
                      <div
                        className="openstax-answer"
                      >
                        <section
                          className="answers-answer disabled"
                          role="region"
                        >
                          <div
                            className="correct-incorrect"
                          />
                          <label
                            className="answer-label"
                            htmlFor="2-option-4"
                            onKeyPress={[Function]}
                          >
                            <button
                              aria-label="Choice e:"
                              className="answer-letter"
                              disabled={true}
                            >
                              e
                            </button>
                            <div
                              className="answer-answer"
                            >
                              <div
                                dangerouslySetInnerHTML={
                                  Object {
                                    "__html": "Physics helps in predicting dynamics and movement of weather phenomena.",
                                  }
                                }
                              />
                            </div>
                          </label>
                        </section>
                      </div>
                    </div>
                    <div
                      className="detailed-solution"
                    >
                      <div
                        className="header"
                      >
                        Detailed solution
                      </div>
                      <div
                        dangerouslySetInnerHTML={
                          Object {
                            "__html": "four",
                          }
                        }
                      />
                    </div>
                  </div>
                </div>
                <div
                  className="exercise-tags"
                >
                  <span
                    className="exercise-tag"
                  >
                    lo:stax-phys:1-2-1
                  </span>
                  <span
                    className="exercise-tag"
                  >
                    blooms:3
                  </span>
                  <span
                    className="exercise-tag"
                  >
                    dok:3
                  </span>
                  <span
                    className="exercise-tag"
                  >
                    time:long
                  </span>
                  <span
                    className="exercise-tag"
                  >
                    ID:2@1
                  </span>
                </div>
              </div>
            </div>
          </div>
          <div
            className="openstax exercise-wrapper"
          >
            <div
              className="openstax-exercise-preview exercise-card non-interactive is-vertically-truncated card"
              data-exercise-id="3@1"
              tabIndex={-1}
            >
              <div
                className="card-header"
              >
                <div
                  className="-exercise-header c0"
                >
                  <span
                    className="exercise-number"
                  >
                    3
                  </span>
                </div>
              </div>
              <div
                className="card-body"
              >
                <div
                  className="exercise-body"
                >
                  <div
                    className="openstax-question openstax-question-preview"
                  >
                    <div
                      dangerouslySetInnerHTML={
                        Object {
                          "__html": "<b>Meter-area reduction in copper</b> - does it affect the speed of light, etc?",
                        }
                      }
                    />
                    <div
                      dangerouslySetInnerHTML={
                        Object {
                          "__html": "In what sense does Einsteinâ€™s theory of relativity illustrate that physics describes fundamental aspects of our universe?",
                        }
                      }
                    />
                    <div
                      className="answers-table"
                    >
                      <div
                        className="openstax-answer"
                      >
                        <section
                          className="answers-answer disabled"
                          role="region"
                        >
                          <div
                            className="correct-incorrect"
                          />
                          <label
                            className="answer-label"
                            htmlFor="3-option-0"
                            onKeyPress={[Function]}
                          >
                            <button
                              aria-label="Choice a:"
                              className="answer-letter"
                              disabled={true}
                            >
                              a
                            </button>
                            <div
                              className="answer-answer"
                            >
                              <div
                                dangerouslySetInnerHTML={
                                  Object {
                                    "__html": "It describes how speed affects different observersâ€™ measurements of time and space.",
                                  }
                                }
                              />
                            </div>
                          </label>
                        </section>
                      </div>
                      <div
                        className="openstax-answer"
                      >
                        <section
                          className="answers-answer disabled"
                          role="region"
                        >
                          <div
                            className="correct-incorrect"
                          />
                          <label
                            className="answer-label"
                            htmlFor="3-option-1"
                            onKeyPress={[Function]}
                          >
                            <button
                              aria-label="Choice b:"
                              className="answer-letter"
                              disabled={true}
                            >
                              b
                            </button>
                            <div
                              className="answer-answer"
                            >
                              <div
                                dangerouslySetInnerHTML={
                                  Object {
                                    "__html": "It describes how a frame of reference is necessary to describe position or motion.",
                                  }
                                }
                              />
                            </div>
                          </label>
                        </section>
                      </div>
                      <div
                        className="openstax-answer"
                      >
                        <section
                          className="answers-answer disabled"
                          role="region"
                        >
                          <div
                            className="correct-incorrect"
                          />
                          <label
                            className="answer-label"
                            htmlFor="3-option-2"
                            onKeyPress={[Function]}
                          >
                            <button
                              aria-label="Choice c:"
                              className="answer-letter"
                              disabled={true}
                            >
                              c
                            </button>
                            <div
                              className="answer-answer"
                            >
                              <div
                                dangerouslySetInnerHTML={
                                  Object {
                                    "__html": "It describes how people think of other peopleâ€™s views from their own frame of reference.",
                                  }
                                }
                              />
                            </div>
                          </label>
                        </section>
                      </div>
                      <div
                        className="openstax-answer"
                      >
                        <section
                          className="answers-answer disabled"
                          role="region"
                        >
                          <div
                            className="correct-incorrect"
                          />
                          <label
                            className="answer-label"
                            htmlFor="3-option-3"
                            onKeyPress={[Function]}
                          >
                            <button
                              aria-label="Choice d:"
                              className="answer-letter"
                              disabled={true}
                            >
                              d
                            </button>
                            <div
                              className="answer-answer"
                            >
                              <div
                                dangerouslySetInnerHTML={
                                  Object {
                                    "__html": "It describes how different parts of the universe are far apart and do not affect each other",
                                  }
                                }
                              />
                            </div>
                          </label>
                        </section>
                      </div>
                      <div
                        className="openstax-answer"
                      >
                        <section
                          className="answers-answer disabled"
                          role="region"
                        >
                          <div
                            className="correct-incorrect"
                          />
                          <label
                            className="answer-label"
                            htmlFor="3-option-4"
                            onKeyPress={[Function]}
                          >
                            <button
                              aria-label="Choice e:"
                              className="answer-letter"
                              disabled={true}
                            >
                              e
                            </button>
                            <div
                              className="answer-answer"
                            >
                              <div
                                dangerouslySetInnerHTML={
                                  Object {
                                    "__html": "It describes how speed affects different observersâ€™ measurements of time and space.",
                                  }
                                }
                              />
                            </div>
                          </label>
                        </section>
                      </div>
                    </div>
                    <div
                      className="detailed-solution"
                    >
                      <div
                        className="header"
                      >
                        Detailed solution
                      </div>
                      <div
                        dangerouslySetInnerHTML={
                          Object {
                            "__html": "four",
                          }
                        }
                      />
                    </div>
                  </div>
                </div>
                <div
                  className="exercise-tags"
                >
                  <span
                    className="exercise-tag"
                  >
                    lo:stax-phys:1-2-1
                  </span>
                  <span
                    className="exercise-tag"
                  >
                    blooms:3
                  </span>
                  <span
                    className="exercise-tag"
                  >
                    dok:3
                  </span>
                  <span
                    className="exercise-tag"
                  >
                    time:long
                  </span>
                  <span
                    className="exercise-tag"
                  >
                    ID:3@1
                  </span>
                </div>
              </div>
            </div>
          </div>
        </div>
      </div>
    </div>
    <div
      className="visible-when-debugging"
    >
      <div
        className="tour-spy-info"
      >
        available regions: []; region tour ids: []; audience tags: []; tour tags: []; eligible tours: []; TOUR RIDE: &lt;none&gt;
      </div>
    </div>
  </div>
  <a
    aria-hidden="true"
    className="debug-toggle-link"
    href="#spy"
    onClick={[Function]}
    tabIndex={-1}
  >
    Ï€
  </a>
</div>
`;
