// Jest Snapshot v1, https://goo.gl/fbAQLP

exports[`Task Teacher Review: Breadcrumbs renders and matches snapshot 1`] = `
.c0 {
  display: -webkit-box;
  display: -webkit-flex;
  display: -ms-flexbox;
  display: flex;
  -webkit-align-items: center;
  -webkit-box-align: center;
  -ms-flex-align: center;
  align-items: center;
}

.c1 {
  -webkit-flex: 1;
  -ms-flex: 1;
  flex: 1;
}

.c2 {
  font-weight: 600;
  margin: 0 2rem;
}

<div
  className="openstax-debug-content"
>
  <div
    data-purpose="tour-conductor-wrapper"
  >
    <div>
      <div
        className="c0"
      >
        <div
          className="c1"
        >
          <span
            className="openstax-breadcrumbs-step icon-stack icon-lg breadcrumb-reading"
            data-chapter="1.1"
            onClick={[Function]}
          >
            <i
              className="icon-lg icon-reading"
            />
          </span>
          <span
            className="openstax-breadcrumbs-step icon-stack icon-lg breadcrumb-reading"
            data-chapter="1.2"
            onClick={[Function]}
          >
            <i
              className="icon-lg icon-reading"
            />
          </span>
          <span
            className="openstax-breadcrumbs-step icon-stack icon-lg breadcrumb-reading"
            data-chapter="1.3"
            onClick={[Function]}
          >
            <i
              className="icon-lg icon-reading"
            />
          </span>
          <span
            className="openstax-breadcrumbs-step icon-stack icon-lg breadcrumb-reading"
            data-chapter="1.4"
            onClick={[Function]}
          >
            <i
              className="icon-lg icon-reading"
            />
          </span>
          <span
            className="openstax-breadcrumbs-step icon-stack icon-lg breadcrumb-reading"
            data-chapter="1.5"
            onClick={[Function]}
          >
            <i
              className="icon-lg icon-reading"
            />
          </span>
          <span
            className="openstax-breadcrumbs-step icon-stack icon-lg breadcrumb-reading"
            data-chapter="1.6"
            onClick={[Function]}
          >
            <i
              className="icon-lg icon-reading"
            />
          </span>
          <span
            className="openstax-breadcrumbs-step icon-stack icon-lg breadcrumb-reading"
            data-chapter="1.7"
            onClick={[Function]}
          >
            <i
              className="icon-lg icon-reading"
            />
          </span>
          <span
            className="openstax-breadcrumbs-step icon-stack icon-lg breadcrumb-reading"
            data-chapter="1.8"
            onClick={[Function]}
          >
            <i
              className="icon-lg icon-reading"
            />
          </span>
          <span
            className="openstax-breadcrumbs-step icon-stack icon-lg breadcrumb-reading"
            data-chapter="1.9"
            onClick={[Function]}
          >
            <i
              className="icon-lg icon-reading"
            />
          </span>
          <span
            className="openstax-breadcrumbs-step icon-stack icon-lg breadcrumb-reading"
            data-chapter="1.10"
            onClick={[Function]}
          >
            <i
              className="icon-lg icon-reading"
            />
          </span>
        </div>
        <div
          className="c2"
        >
          killer unleash e-business
        </div>
        <a
          className="btn btn-default"
          href="/bread"
          onClick={[Function]}
        >
          Back to Calendar
        </a>
      </div>
    </div>
    <div
      className="visible-when-debugging"
    >
      <div
        className="tour-spy-info"
      >
        available regions: []; region tour ids: []; audience tags: []; tour tags: []; eligible tours: []; TOUR RIDE: &lt;none&gt;
      </div>
    </div>
  </div>
  <a
    aria-hidden="true"
    className="debug-toggle-link"
    href="#spy"
    onClick={[Function]}
    tabIndex={-1}
  >
    Ï€
  </a>
</div>
`;
